// Vitest Snapshot v1, https://vitest.dev/guide/snapshot.html

exports[`sandbox toolset > matches the recorded prompt contract 1`] = `
[
  {
    "description": "Run a shell command. Executes inside the remote sandbox bound to this session (NOT on the local machine). The default working directory is your session working directory (the cwd shown to you).",
    "name": "bash",
    "overrides": {
      "claudeCode": [
        "Bash",
      ],
      "codex": [
        "shell",
      ],
      "opencode": [
        "bash",
      ],
    },
    "params": {
      "command": {
        "description": "The shell command to run",
        "type": "string",
      },
      "cwd": {
        "description": "Working directory (absolute, or relative to your working directory)",
        "optional": true,
        "type": "string",
      },
      "timeout_seconds": {
        "description": "Max seconds to wait (default 60)",
        "optional": true,
        "type": "number",
      },
    },
  },
  {
    "description": "Read the contents of a text file from the remote sandbox. Paths are absolute or resolved against your working directory. Returns at most 2000 lines (or 50 KB) per call, numbered from \`offset\`; the trailing note says how to page through the rest.",
    "name": "read",
    "overrides": {
      "claudeCode": [
        "Read",
      ],
      "codex": [],
      "opencode": [
        "read",
      ],
    },
    "params": {
      "filePath": {
        "description": "Path to the file (absolute or relative to your working directory)",
        "type": "string",
      },
      "limit": {
        "description": "Number of lines to read (default 2000)",
        "optional": true,
        "type": "number",
      },
      "offset": {
        "description": "1-based line offset to start reading",
        "optional": true,
        "type": "number",
      },
    },
  },
  {
    "description": "Create a new file or overwrite an existing one inside the remote sandbox.",
    "name": "write",
    "overrides": {
      "claudeCode": [
        "Write",
      ],
      "codex": [],
      "opencode": [
        "write",
      ],
    },
    "params": {
      "content": {
        "description": "Full file content to write",
        "type": "string",
      },
      "filePath": {
        "description": "Path to the file (absolute or relative to your working directory)",
        "type": "string",
      },
    },
  },
  {
    "description": "Modify an existing file inside the remote sandbox via exact string replacement. Fails if old_string is not unique unless replace_all=true.",
    "name": "edit",
    "overrides": {
      "claudeCode": [
        "Edit",
      ],
      "codex": [],
      "opencode": [
        "edit",
      ],
    },
    "params": {
      "filePath": {
        "description": "Path to the file (absolute or relative to your working directory)",
        "type": "string",
      },
      "newString": {
        "description": "Replacement string",
        "type": "string",
      },
      "oldString": {
        "description": "Exact string to replace",
        "type": "string",
      },
      "replaceAll": {
        "description": "If true, replace every occurrence (default false)",
        "optional": true,
        "type": "boolean",
      },
    },
  },
  {
    "description": "Search file contents inside the remote sandbox using a regular expression. Returns matching path:line:text lines.",
    "name": "grep",
    "overrides": {
      "claudeCode": [
        "Grep",
      ],
      "codex": [],
      "opencode": [
        "grep",
      ],
    },
    "params": {
      "fixedStrings": {
        "description": "Treat pattern as a literal string",
        "optional": true,
        "type": "boolean",
      },
      "include": {
        "description": "Filename glob filter, e.g. "*.py"",
        "optional": true,
        "type": "string",
      },
      "path": {
        "description": "Directory to search (default: your working directory)",
        "optional": true,
        "type": "string",
      },
      "pattern": {
        "description": "Regex pattern (or literal if fixedStrings=true)",
        "type": "string",
      },
    },
  },
  {
    "description": "Find files by glob pattern inside the remote sandbox. Supports ** for recursive matching.",
    "name": "glob",
    "overrides": {
      "claudeCode": [
        "Glob",
      ],
      "codex": [],
      "opencode": [
        "glob",
      ],
    },
    "params": {
      "path": {
        "description": "Directory to search from (default: your working directory)",
        "optional": true,
        "type": "string",
      },
      "pattern": {
        "description": "Glob pattern, e.g. "**/*.py"",
        "type": "string",
      },
    },
  },
  {
    "description": "Apply a unified-diff patch inside the remote sandbox via 'patch -p1'. Pass the entire patch as a single string.",
    "name": "apply_patch",
    "overrides": {
      "claudeCode": [],
      "codex": [
        "apply_patch",
      ],
      "opencode": [
        "patch",
      ],
    },
    "params": {
      "cwd": {
        "description": "Working directory (default: your working directory)",
        "optional": true,
        "type": "string",
      },
      "patch": {
        "description": "Unified diff content",
        "type": "string",
      },
    },
  },
]
`;
